// Jest Snapshot v1, https://goo.gl/fbAQLP

exports[`Should match the snapshot. 1`] = `"<div class=\\"Dashboard\\"><div class=\\"Dashboard-header-container\\"><div class=\\"Dashboard-title\\"></div><div class=\\"Button RefreshButton\\" type=\\"submit\\"><div class=\\"Dashboard-reload-button\\"><div>Refresh</div><img alt=\\"reload\\" src=\\"/assets/images/reload_arrows.svg\\" class=\\"icon\\"/></div></div></div></div>"`;
